
Running 111 tests using 8 workers

  Γ£ô    1 [chromium] ΓÇ║ tests\example.spec.ts:3:5 ΓÇ║ has title (7.9s)
  Γ£ô    4 [chromium] ΓÇ║ tests\example.spec.ts:10:5 ΓÇ║ get started link (9.7s)
  Γ£ô    2 [chromium] ΓÇ║ tests\saucedemo-checkout\advanced-workflows.spec.ts:78:7 ΓÇ║ Complete Checkout Workflows - Advanced Scenarios ΓÇ║ Checkout with quantity verification and tax calculation (11.4s)
  Γ£ô    7 [chromium] ΓÇ║ tests\saucedemo-checkout\advanced-workflows.spec.ts:209:7 ΓÇ║ Complete Checkout Workflows - Advanced Scenarios ΓÇ║ Checkout with data entry validation at step 2 (11.3s)
  Γ£ô    8 [chromium] ΓÇ║ tests\saucedemo-checkout\advanced-workflows.spec.ts:171:7 ΓÇ║ Complete Checkout Workflows - Advanced Scenarios ΓÇ║ Remove and re-add item workflow (11.4s)
  Γ£ô    5 [chromium] ΓÇ║ tests\saucedemo-checkout\advanced-workflows.spec.ts:106:7 ΓÇ║ Complete Checkout Workflows - Advanced Scenarios ΓÇ║ Cart persistence through navigation (11.7s)
  Γ£ô    6 [chromium] ΓÇ║ tests\saucedemo-checkout\advanced-workflows.spec.ts:133:7 ΓÇ║ Complete Checkout Workflows - Advanced Scenarios ΓÇ║ Form field state preservation during validation (11.9s)
  Γ£ô    3 [chromium] ΓÇ║ tests\saucedemo-checkout\advanced-workflows.spec.ts:19:7 ΓÇ║ Complete Checkout Workflows - Advanced Scenarios ΓÇ║ Multi-item checkout with verification at each step (12.1s)
  Γ£ô    9 [chromium] ΓÇ║ tests\saucedemo-checkout\cart-view-multiple-items.spec.ts:8:7 ΓÇ║ Cart View and Navigation ΓÇ║ View shopping cart with multiple items (4.5s)
  Γ£ô   10 [chromium] ΓÇ║ tests\saucedemo-checkout\cart-view-multiple-items.spec.ts:64:7 ΓÇ║ Cart View and Navigation ΓÇ║ View cart with single item (3.2s)
  Γ£ô   11 [chromium] ΓÇ║ tests\saucedemo-checkout\cart-view-multiple-items.spec.ts:93:7 ΓÇ║ Cart View and Navigation ΓÇ║ View empty cart (2.5s)
  Γ£ô   13 [chromium] ΓÇ║ tests\saucedemo-checkout\cart-view-multiple-items.spec.ts:178:7 ΓÇ║ Cart View and Navigation ΓÇ║ Remove item from cart (4.0s)
  Γ£ô   12 [chromium] ΓÇ║ tests\saucedemo-checkout\cart-view-multiple-items.spec.ts:118:7 ΓÇ║ Cart View and Navigation ΓÇ║ Verify cart totals calculation (6.5s)
  Γ£ô   14 [chromium] ΓÇ║ tests\saucedemo-checkout\edge-cases-boundary-conditions.spec.ts:8:7 ΓÇ║ Edge Cases and Boundary Conditions ΓÇ║ Very long name values (8.2s)
  Γ£ô   17 [chromium] ΓÇ║ tests\saucedemo-checkout\edge-cases-boundary-conditions.spec.ts:146:7 ΓÇ║ Edge Cases and Boundary Conditions ΓÇ║ Numeric values in name fields (7.9s)
  Γ£ô   15 [chromium] ΓÇ║ tests\saucedemo-checkout\edge-cases-boundary-conditions.spec.ts:59:7 ΓÇ║ Edge Cases and Boundary Conditions ΓÇ║ Minimum valid zip code (single digit) (9.0s)
  Γ£ô   16 [chromium] ΓÇ║ tests\saucedemo-checkout\edge-cases-boundary-conditions.spec.ts:100:7 ΓÇ║ Edge Cases and Boundary Conditions ΓÇ║ Maximum length zip code (8.9s)
  Γ£ô   18 [chromium] ΓÇ║ tests\saucedemo-checkout\edge-cases-boundary-conditions.spec.ts:190:7 ΓÇ║ Edge Cases and Boundary Conditions ΓÇ║ Unicode/emoji characters in name (8.2s)
  Γ£ô   19 [chromium] ΓÇ║ tests\saucedemo-checkout\navigation-workflow.spec.ts:8:7 ΓÇ║ Navigation and Workflow ΓÇ║ Cancel checkout and return to products (8.5s)
  Γ£ô   20 [chromium] ΓÇ║ tests\saucedemo-checkout\navigation-workflow.spec.ts:58:7 ΓÇ║ Navigation and Workflow ΓÇ║ Back button functionality from checkout step 2 to step 1 (8.4s)
  Γ£ô   21 [chromium] ΓÇ║ tests\saucedemo-checkout\navigation-workflow.spec.ts:117:7 ΓÇ║ Navigation and Workflow ΓÇ║ Continue shopping returns to products page (6.5s)
  Γ£ô   22 [chromium] ΓÇ║ tests\saucedemo-checkout\navigation-workflow.spec.ts:153:7 ΓÇ║ Navigation and Workflow ΓÇ║ Back home from confirmation returns to products (7.2s)
  Γ£ô   23 [chromium] ΓÇ║ tests\saucedemo-checkout\order-summary-and-confirmation.spec.ts:8:7 ΓÇ║ Order Summary and Confirmation ΓÇ║ Review order summary on checkout step 2 (7.1s)
  Γ£ô   24 [chromium] ΓÇ║ tests\saucedemo-checkout\order-summary-and-confirmation.spec.ts:73:7 ΓÇ║ Order Summary and Confirmation ΓÇ║ Order summary with single item (7.3s)
  Γ£ô   26 [chromium] ΓÇ║ tests\saucedemo-checkout\order-summary-and-confirmation.spec.ts:191:7 ΓÇ║ Order Summary and Confirmation ΓÇ║ Order confirmation page elements (7.5s)
  Γ£ô   25 [chromium] ΓÇ║ tests\saucedemo-checkout\order-summary-and-confirmation.spec.ts:123:7 ΓÇ║ Order Summary and Confirmation ΓÇ║ Complete purchase and see confirmation (7.5s)
  Γ£ô   27 [chromium] ΓÇ║ tests\saucedemo-checkout\shipping-info-happy-path.spec.ts:8:7 ΓÇ║ Shipping Information - Happy Path ΓÇ║ Enter complete shipping information (7.0s)
  Γ£ô   29 [chromium] ΓÇ║ tests\saucedemo-checkout\shipping-info-happy-path.spec.ts:104:7 ΓÇ║ Shipping Information - Happy Path ΓÇ║ Shipping info with international zip formats (6.5s)
  Γ£ô   28 [chromium] ΓÇ║ tests\saucedemo-checkout\shipping-info-happy-path.spec.ts:59:7 ΓÇ║ Shipping Information - Happy Path ΓÇ║ Shipping info with special characters in name (7.4s)
  Γ£ô   37 [chromium] ΓÇ║ tests\seed.spec.ts:4:7 ΓÇ║ Test group ΓÇ║ seed (154ms)
  Γ£ÿ   35 [chromium] ΓÇ║ tests\saucedemo-checkout\test-error-verification.spec.ts:4:7 ΓÇ║ Error Verification Tests ΓÇ║ Intentional failure - verify GitHub issue creation (2.0s)
  Γ£ô   30 [chromium] ΓÇ║ tests\saucedemo-checkout\shipping-validation-errors.spec.ts:8:7 ΓÇ║ Shipping Information - Validation & Errors ΓÇ║ Error when First Name is empty (4.9s)
  Γ£ô   31 [chromium] ΓÇ║ tests\saucedemo-checkout\shipping-validation-errors.spec.ts:54:7 ΓÇ║ Shipping Information - Validation & Errors ΓÇ║ Error when Last Name is empty (4.8s)
  Γ£ô   32 [chromium] ΓÇ║ tests\saucedemo-checkout\shipping-validation-errors.spec.ts:99:7 ΓÇ║ Shipping Information - Validation & Errors ΓÇ║ Error when Postal Code is empty (4.6s)
  Γ£ô   33 [chromium] ΓÇ║ tests\saucedemo-checkout\shipping-validation-errors.spec.ts:144:7 ΓÇ║ Shipping Information - Validation & Errors ΓÇ║ Error when all fields are empty (4.8s)
  Γ£ÿ   36 [chromium] ΓÇ║ tests\saucedemo-checkout\test-error-verification.spec.ts:14:7 ΓÇ║ Error Verification Tests ΓÇ║ Another intentional failure - test error formatting (2.5s)
  Γ£ô   34 [chromium] ΓÇ║ tests\saucedemo-checkout\shipping-validation-errors.spec.ts:188:7 ΓÇ║ Shipping Information - Validation & Errors ΓÇ║ Error with only spaces in First Name (5.4s)
  Γ£ô   38 [firefox] ΓÇ║ tests\example.spec.ts:10:5 ΓÇ║ get started link (5.5s)
  Γ£ô   40 [firefox] ΓÇ║ tests\saucedemo-checkout\advanced-workflows.spec.ts:19:7 ΓÇ║ Complete Checkout Workflows - Advanced Scenarios ΓÇ║ Multi-item checkout with verification at each step (7.7s)
  Γ£ô   46 [firefox] ΓÇ║ tests\saucedemo-checkout\cart-view-multiple-items.spec.ts:8:7 ΓÇ║ Cart View and Navigation ΓÇ║ View shopping cart with multiple items (5.2s)
  Γ£ô   43 [firefox] ΓÇ║ tests\saucedemo-checkout\advanced-workflows.spec.ts:133:7 ΓÇ║ Complete Checkout Workflows - Advanced Scenarios ΓÇ║ Form field state preservation during validation (9.3s)
  Γ£ô   47 [firefox] ΓÇ║ tests\saucedemo-checkout\cart-view-multiple-items.spec.ts:64:7 ΓÇ║ Cart View and Navigation ΓÇ║ View cart with single item (4.3s)
  Γ£ô   45 [firefox] ΓÇ║ tests\saucedemo-checkout\advanced-workflows.spec.ts:209:7 ΓÇ║ Complete Checkout Workflows - Advanced Scenarios ΓÇ║ Checkout with data entry validation at step 2 (10.1s)
  Γ£ô   48 [firefox] ΓÇ║ tests\saucedemo-checkout\cart-view-multiple-items.spec.ts:93:7 ΓÇ║ Cart View and Navigation ΓÇ║ View empty cart (4.0s)
  Γ£ô   39 [firefox] ΓÇ║ tests\example.spec.ts:3:5 ΓÇ║ has title (10.3s)
  Γ£ô   42 [firefox] ΓÇ║ tests\saucedemo-checkout\advanced-workflows.spec.ts:106:7 ΓÇ║ Complete Checkout Workflows - Advanced Scenarios ΓÇ║ Cart persistence through navigation (11.7s)
  Γ£ô   49 [firefox] ΓÇ║ tests\saucedemo-checkout\cart-view-multiple-items.spec.ts:118:7 ΓÇ║ Cart View and Navigation ΓÇ║ Verify cart totals calculation (7.3s)
  Γ£ô   41 [firefox] ΓÇ║ tests\saucedemo-checkout\advanced-workflows.spec.ts:78:7 ΓÇ║ Complete Checkout Workflows - Advanced Scenarios ΓÇ║ Checkout with quantity verification and tax calculation (12.4s)
  Γ£ô   50 [firefox] ΓÇ║ tests\saucedemo-checkout\cart-view-multiple-items.spec.ts:178:7 ΓÇ║ Cart View and Navigation ΓÇ║ Remove item from cart (6.7s)
  Γ£ô   44 [firefox] ΓÇ║ tests\saucedemo-checkout\advanced-workflows.spec.ts:171:7 ΓÇ║ Complete Checkout Workflows - Advanced Scenarios ΓÇ║ Remove and re-add item workflow (13.6s)
  Γ£ô   51 [firefox] ΓÇ║ tests\saucedemo-checkout\edge-cases-boundary-conditions.spec.ts:8:7 ΓÇ║ Edge Cases and Boundary Conditions ΓÇ║ Very long name values (8.4s)
  Γ£ô   52 [firefox] ΓÇ║ tests\saucedemo-checkout\edge-cases-boundary-conditions.spec.ts:59:7 ΓÇ║ Edge Cases and Boundary Conditions ΓÇ║ Minimum valid zip code (single digit) (8.4s)
  Γ£ô   54 [firefox] ΓÇ║ tests\saucedemo-checkout\edge-cases-boundary-conditions.spec.ts:146:7 ΓÇ║ Edge Cases and Boundary Conditions ΓÇ║ Numeric values in name fields (7.1s)
  Γ£ô   53 [firefox] ΓÇ║ tests\saucedemo-checkout\edge-cases-boundary-conditions.spec.ts:100:7 ΓÇ║ Edge Cases and Boundary Conditions ΓÇ║ Maximum length zip code (8.2s)
  Γ£ô   55 [firefox] ΓÇ║ tests\saucedemo-checkout\edge-cases-boundary-conditions.spec.ts:190:7 ΓÇ║ Edge Cases and Boundary Conditions ΓÇ║ Unicode/emoji characters in name (10.1s)
  Γ£ô   56 [firefox] ΓÇ║ tests\saucedemo-checkout\navigation-workflow.spec.ts:8:7 ΓÇ║ Navigation and Workflow ΓÇ║ Cancel checkout and return to products (10.4s)
  Γ£ô   57 [firefox] ΓÇ║ tests\saucedemo-checkout\navigation-workflow.spec.ts:58:7 ΓÇ║ Navigation and Workflow ΓÇ║ Back button functionality from checkout step 2 to step 1 (10.5s)
  Γ£ô   58 [firefox] ΓÇ║ tests\saucedemo-checkout\navigation-workflow.spec.ts:117:7 ΓÇ║ Navigation and Workflow ΓÇ║ Continue shopping returns to products page (10.8s)
  Γ£ô   59 [firefox] ΓÇ║ tests\saucedemo-checkout\navigation-workflow.spec.ts:153:7 ΓÇ║ Navigation and Workflow ΓÇ║ Back home from confirmation returns to products (11.3s)
  Γ£ô   60 [firefox] ΓÇ║ tests\saucedemo-checkout\order-summary-and-confirmation.spec.ts:8:7 ΓÇ║ Order Summary and Confirmation ΓÇ║ Review order summary on checkout step 2 (12.7s)
  Γ£ô   61 [firefox] ΓÇ║ tests\saucedemo-checkout\order-summary-and-confirmation.spec.ts:73:7 ΓÇ║ Order Summary and Confirmation ΓÇ║ Order summary with single item (13.0s)
  Γ£ô   62 [firefox] ΓÇ║ tests\saucedemo-checkout\order-summary-and-confirmation.spec.ts:123:7 ΓÇ║ Order Summary and Confirmation ΓÇ║ Complete purchase and see confirmation (13.4s)
  Γ£ô   64 [firefox] ΓÇ║ tests\saucedemo-checkout\shipping-info-happy-path.spec.ts:8:7 ΓÇ║ Shipping Information - Happy Path ΓÇ║ Enter complete shipping information (12.5s)
  Γ£ô   63 [firefox] ΓÇ║ tests\saucedemo-checkout\order-summary-and-confirmation.spec.ts:191:7 ΓÇ║ Order Summary and Confirmation ΓÇ║ Order confirmation page elements (13.0s)
  Γ£ô   65 [firefox] ΓÇ║ tests\saucedemo-checkout\shipping-info-happy-path.spec.ts:59:7 ΓÇ║ Shipping Information - Happy Path ΓÇ║ Shipping info with special characters in name (12.9s)
  Γ£ô   66 [firefox] ΓÇ║ tests\saucedemo-checkout\shipping-info-happy-path.spec.ts:104:7 ΓÇ║ Shipping Information - Happy Path ΓÇ║ Shipping info with international zip formats (13.3s)
  Γ£ô   74 [firefox] ΓÇ║ tests\seed.spec.ts:4:7 ΓÇ║ Test group ΓÇ║ seed (498ms)
  Γ£ô   67 [firefox] ΓÇ║ tests\saucedemo-checkout\shipping-validation-errors.spec.ts:8:7 ΓÇ║ Shipping Information - Validation & Errors ΓÇ║ Error when First Name is empty (12.7s)
  Γ£ô   69 [firefox] ΓÇ║ tests\saucedemo-checkout\shipping-validation-errors.spec.ts:99:7 ΓÇ║ Shipping Information - Validation & Errors ΓÇ║ Error when Postal Code is empty (13.4s)
  Γ£ô   70 [firefox] ΓÇ║ tests\saucedemo-checkout\shipping-validation-errors.spec.ts:144:7 ΓÇ║ Shipping Information - Validation & Errors ΓÇ║ Error when all fields are empty (12.3s)
  Γ£ô   68 [firefox] ΓÇ║ tests\saucedemo-checkout\shipping-validation-errors.spec.ts:54:7 ΓÇ║ Shipping Information - Validation & Errors ΓÇ║ Error when Last Name is empty (14.1s)
  Γ£ÿ   72 [firefox] ΓÇ║ tests\saucedemo-checkout\test-error-verification.spec.ts:4:7 ΓÇ║ Error Verification Tests ΓÇ║ Intentional failure - verify GitHub issue creation (8.0s)
  Γ£ô   71 [firefox] ΓÇ║ tests\saucedemo-checkout\shipping-validation-errors.spec.ts:188:7 ΓÇ║ Shipping Information - Validation & Errors ΓÇ║ Error with only spaces in First Name (11.3s)
  Γ£ÿ   73 [firefox] ΓÇ║ tests\saucedemo-checkout\test-error-verification.spec.ts:14:7 ΓÇ║ Error Verification Tests ΓÇ║ Another intentional failure - test error formatting (7.8s)
  Γ£ô   75 [webkit] ΓÇ║ tests\example.spec.ts:3:5 ΓÇ║ has title (5.3s)
  Γ£ô   76 [webkit] ΓÇ║ tests\example.spec.ts:10:5 ΓÇ║ get started link (4.9s)
  Γ£ô   77 [webkit] ΓÇ║ tests\saucedemo-checkout\cart-view-multiple-items.spec.ts:8:7 ΓÇ║ Cart View and Navigation ΓÇ║ View shopping cart with multiple items (5.4s)
  Γ£ô   82 [webkit] ΓÇ║ tests\saucedemo-checkout\cart-view-multiple-items.spec.ts:64:7 ΓÇ║ Cart View and Navigation ΓÇ║ View cart with single item (5.1s)
  Γ£ô   84 [webkit] ΓÇ║ tests\saucedemo-checkout\cart-view-multiple-items.spec.ts:93:7 ΓÇ║ Cart View and Navigation ΓÇ║ View empty cart (4.2s)
  Γ£ô   78 [webkit] ΓÇ║ tests\saucedemo-checkout\advanced-workflows.spec.ts:133:7 ΓÇ║ Complete Checkout Workflows - Advanced Scenarios ΓÇ║ Form field state preservation during validation (9.3s)
  Γ£ô   79 [webkit] ΓÇ║ tests\saucedemo-checkout\advanced-workflows.spec.ts:209:7 ΓÇ║ Complete Checkout Workflows - Advanced Scenarios ΓÇ║ Checkout with data entry validation at step 2 (9.5s)
  Γ£ô   83 [webkit] ΓÇ║ tests\saucedemo-checkout\advanced-workflows.spec.ts:106:7 ΓÇ║ Complete Checkout Workflows - Advanced Scenarios ΓÇ║ Cart persistence through navigation (9.2s)
  Γ£ô   80 [webkit] ΓÇ║ tests\saucedemo-checkout\advanced-workflows.spec.ts:78:7 ΓÇ║ Complete Checkout Workflows - Advanced Scenarios ΓÇ║ Checkout with quantity verification and tax calculation (10.2s)
  Γ£ô   81 [webkit] ΓÇ║ tests\saucedemo-checkout\advanced-workflows.spec.ts:19:7 ΓÇ║ Complete Checkout Workflows - Advanced Scenarios ΓÇ║ Multi-item checkout with verification at each step (10.9s)
  Γ£ô   85 [webkit] ΓÇ║ tests\saucedemo-checkout\advanced-workflows.spec.ts:171:7 ΓÇ║ Complete Checkout Workflows - Advanced Scenarios ΓÇ║ Remove and re-add item workflow (8.8s)
  Γ£ô   87 [webkit] ΓÇ║ tests\saucedemo-checkout\cart-view-multiple-items.spec.ts:178:7 ΓÇ║ Cart View and Navigation ΓÇ║ Remove item from cart (6.6s)
  Γ£ô   86 [webkit] ΓÇ║ tests\saucedemo-checkout\cart-view-multiple-items.spec.ts:118:7 ΓÇ║ Cart View and Navigation ΓÇ║ Verify cart totals calculation (10.8s)
  Γ£ô   88 [webkit] ΓÇ║ tests\saucedemo-checkout\edge-cases-boundary-conditions.spec.ts:8:7 ΓÇ║ Edge Cases and Boundary Conditions ΓÇ║ Very long name values (19.5s)
  Γ£ô   90 [webkit] ΓÇ║ tests\saucedemo-checkout\edge-cases-boundary-conditions.spec.ts:100:7 ΓÇ║ Edge Cases and Boundary Conditions ΓÇ║ Maximum length zip code (18.8s)
  Γ£ô   89 [webkit] ΓÇ║ tests\saucedemo-checkout\edge-cases-boundary-conditions.spec.ts:59:7 ΓÇ║ Edge Cases and Boundary Conditions ΓÇ║ Minimum valid zip code (single digit) (20.7s)
  Γ£ô   91 [webkit] ΓÇ║ tests\saucedemo-checkout\edge-cases-boundary-conditions.spec.ts:146:7 ΓÇ║ Edge Cases and Boundary Conditions ΓÇ║ Numeric values in name fields (20.2s)
  Γ£ô   92 [webkit] ΓÇ║ tests\saucedemo-checkout\edge-cases-boundary-conditions.spec.ts:190:7 ΓÇ║ Edge Cases and Boundary Conditions ΓÇ║ Unicode/emoji characters in name (19.4s)
  Γ£ô   93 [webkit] ΓÇ║ tests\saucedemo-checkout\navigation-workflow.spec.ts:8:7 ΓÇ║ Navigation and Workflow ΓÇ║ Cancel checkout and return to products (20.2s)
  Γ£ô   94 [webkit] ΓÇ║ tests\saucedemo-checkout\navigation-workflow.spec.ts:58:7 ΓÇ║ Navigation and Workflow ΓÇ║ Back button functionality from checkout step 2 to step 1 (19.9s)
  Γ£ô   95 [webkit] ΓÇ║ tests\saucedemo-checkout\navigation-workflow.spec.ts:117:7 ΓÇ║ Navigation and Workflow ΓÇ║ Continue shopping returns to products page (21.3s)
  Γ£ô   96 [webkit] ΓÇ║ tests\saucedemo-checkout\navigation-workflow.spec.ts:153:7 ΓÇ║ Navigation and Workflow ΓÇ║ Back home from confirmation returns to products (20.4s)
  Γ£ô   97 [webkit] ΓÇ║ tests\saucedemo-checkout\order-summary-and-confirmation.spec.ts:8:7 ΓÇ║ Order Summary and Confirmation ΓÇ║ Review order summary on checkout step 2 (19.4s)
  Γ£ô   98 [webkit] ΓÇ║ tests\saucedemo-checkout\order-summary-and-confirmation.spec.ts:73:7 ΓÇ║ Order Summary and Confirmation ΓÇ║ Order summary with single item (20.7s)
  Γ£ô   99 [webkit] ΓÇ║ tests\saucedemo-checkout\order-summary-and-confirmation.spec.ts:123:7 ΓÇ║ Order Summary and Confirmation ΓÇ║ Complete purchase and see confirmation (21.0s)
  Γ£ô  100 [webkit] ΓÇ║ tests\saucedemo-checkout\order-summary-and-confirmation.spec.ts:191:7 ΓÇ║ Order Summary and Confirmation ΓÇ║ Order confirmation page elements (22.1s)
  Γ£ô  102 [webkit] ΓÇ║ tests\saucedemo-checkout\shipping-info-happy-path.spec.ts:59:7 ΓÇ║ Shipping Information - Happy Path ΓÇ║ Shipping info with special characters in name (20.3s)
  Γ£ô  101 [webkit] ΓÇ║ tests\saucedemo-checkout\shipping-info-happy-path.spec.ts:8:7 ΓÇ║ Shipping Information - Happy Path ΓÇ║ Enter complete shipping information (21.6s)
  Γ£ô  103 [webkit] ΓÇ║ tests\saucedemo-checkout\shipping-info-happy-path.spec.ts:104:7 ΓÇ║ Shipping Information - Happy Path ΓÇ║ Shipping info with international zip formats (20.4s)
  Γ£ô  111 [webkit] ΓÇ║ tests\seed.spec.ts:4:7 ΓÇ║ Test group ΓÇ║ seed (427ms)
  Γ£ÿ  110 [webkit] ΓÇ║ tests\saucedemo-checkout\test-error-verification.spec.ts:14:7 ΓÇ║ Error Verification Tests ΓÇ║ Another intentional failure - test error formatting (8.7s)
  Γ£ÿ  109 [webkit] ΓÇ║ tests\saucedemo-checkout\test-error-verification.spec.ts:4:7 ΓÇ║ Error Verification Tests ΓÇ║ Intentional failure - verify GitHub issue creation (9.1s)
  Γ£ô  105 [webkit] ΓÇ║ tests\saucedemo-checkout\shipping-validation-errors.spec.ts:54:7 ΓÇ║ Shipping Information - Validation & Errors ΓÇ║ Error when Last Name is empty (21.5s)
  Γ£ô  106 [webkit] ΓÇ║ tests\saucedemo-checkout\shipping-validation-errors.spec.ts:99:7 ΓÇ║ Shipping Information - Validation & Errors ΓÇ║ Error when Postal Code is empty (21.0s)
  Γ£ô  104 [webkit] ΓÇ║ tests\saucedemo-checkout\shipping-validation-errors.spec.ts:8:7 ΓÇ║ Shipping Information - Validation & Errors ΓÇ║ Error when First Name is empty (24.1s)
  Γ£ô  107 [webkit] ΓÇ║ tests\saucedemo-checkout\shipping-validation-errors.spec.ts:144:7 ΓÇ║ Shipping Information - Validation & Errors ΓÇ║ Error when all fields are empty (21.4s)
  Γ£ô  108 [webkit] ΓÇ║ tests\saucedemo-checkout\shipping-validation-errors.spec.ts:188:7 ΓÇ║ Shipping Information - Validation & Errors ΓÇ║ Error with only spaces in First Name (20.8s)


  1) [chromium] ΓÇ║ tests\saucedemo-checkout\test-error-verification.spec.ts:4:7 ΓÇ║ Error Verification Tests ΓÇ║ Intentional failure - verify GitHub issue creation 

    Error: [2mexpect([22m[31mreceived[39m[2m).[22mtoBe[2m([22m[32mexpected[39m[2m) // Object.is equality[22m

    Expected: [32mfalse[39m
    Received: [31mtrue[39m

       9 |     
      10 |     // This assertion will fail
    > 11 |     expect(true).toBe(false);
         |                  ^
      12 |   });
      13 |   
      14 |   test('Another intentional failure - test error formatting', async ({ page }) => {
        at D:\internship\playwright\playwrightagent\tests\saucedemo-checkout\test-error-verification.spec.ts:11:18

    Error Context: test-results\saucedemo-checkout-test-er-c5f5e-erify-GitHub-issue-creation-chromium\error-context.md

  2) [chromium] ΓÇ║ tests\saucedemo-checkout\test-error-verification.spec.ts:14:7 ΓÇ║ Error Verification Tests ΓÇ║ Another intentional failure - test error formatting 

    Error: [2mexpect([22m[31mreceived[39m[2m).[22mtoBe[2m([22m[32mexpected[39m[2m) // Object.is equality[22m

    Expected: [32m5[39m
    Received: [31m0[39m

      18 |     // This will fail with a clear error
      19 |     const nonExistentElement = await page.locator('button.this-does-not-exist').count();
    > 20 |     expect(nonExistentElement).toBe(5);
         |                                ^
      21 |   });
      22 | });
      23 |
        at D:\internship\playwright\playwrightagent\tests\saucedemo-checkout\test-error-verification.spec.ts:20:32

    Error Context: test-results\saucedemo-checkout-test-er-3876f-ure---test-error-formatting-chromium\error-context.md

  3) [firefox] ΓÇ║ tests\saucedemo-checkout\test-error-verification.spec.ts:4:7 ΓÇ║ Error Verification Tests ΓÇ║ Intentional failure - verify GitHub issue creation 

    Error: [2mexpect([22m[31mreceived[39m[2m).[22mtoBe[2m([22m[32mexpected[39m[2m) // Object.is equality[22m

    Expected: [32mfalse[39m
    Received: [31mtrue[39m

       9 |     
      10 |     // This assertion will fail
    > 11 |     expect(true).toBe(false);
         |                  ^
      12 |   });
      13 |   
      14 |   test('Another intentional failure - test error formatting', async ({ page }) => {
        at D:\internship\playwright\playwrightagent\tests\saucedemo-checkout\test-error-verification.spec.ts:11:18

    Error Context: test-results\saucedemo-checkout-test-er-c5f5e-erify-GitHub-issue-creation-firefox\error-context.md

  4) [firefox] ΓÇ║ tests\saucedemo-checkout\test-error-verification.spec.ts:14:7 ΓÇ║ Error Verification Tests ΓÇ║ Another intentional failure - test error formatting 

    Error: [2mexpect([22m[31mreceived[39m[2m).[22mtoBe[2m([22m[32mexpected[39m[2m) // Object.is equality[22m

    Expected: [32m5[39m
    Received: [31m0[39m

      18 |     // This will fail with a clear error
      19 |     const nonExistentElement = await page.locator('button.this-does-not-exist').count();
    > 20 |     expect(nonExistentElement).toBe(5);
         |                                ^
      21 |   });
      22 | });
      23 |
        at D:\internship\playwright\playwrightagent\tests\saucedemo-checkout\test-error-verification.spec.ts:20:32

    Error Context: test-results\saucedemo-checkout-test-er-3876f-ure---test-error-formatting-firefox\error-context.md

  5) [webkit] ΓÇ║ tests\saucedemo-checkout\test-error-verification.spec.ts:4:7 ΓÇ║ Error Verification Tests ΓÇ║ Intentional failure - verify GitHub issue creation 

    Error: [2mexpect([22m[31mreceived[39m[2m).[22mtoBe[2m([22m[32mexpected[39m[2m) // Object.is equality[22m

    Expected: [32mfalse[39m
    Received: [31mtrue[39m

       9 |     
      10 |     // This assertion will fail
    > 11 |     expect(true).toBe(false);
         |                  ^
      12 |   });
      13 |   
      14 |   test('Another intentional failure - test error formatting', async ({ page }) => {
        at D:\internship\playwright\playwrightagent\tests\saucedemo-checkout\test-error-verification.spec.ts:11:18

    Error Context: test-results\saucedemo-checkout-test-er-c5f5e-erify-GitHub-issue-creation-webkit\error-context.md

  6) [webkit] ΓÇ║ tests\saucedemo-checkout\test-error-verification.spec.ts:14:7 ΓÇ║ Error Verification Tests ΓÇ║ Another intentional failure - test error formatting 

    Error: [2mexpect([22m[31mreceived[39m[2m).[22mtoBe[2m([22m[32mexpected[39m[2m) // Object.is equality[22m

    Expected: [32m5[39m
    Received: [31m0[39m

      18 |     // This will fail with a clear error
      19 |     const nonExistentElement = await page.locator('button.this-does-not-exist').count();
    > 20 |     expect(nonExistentElement).toBe(5);
         |                                ^
      21 |   });
      22 | });
      23 |
        at D:\internship\playwright\playwrightagent\tests\saucedemo-checkout\test-error-verification.spec.ts:20:32

    Error Context: test-results\saucedemo-checkout-test-er-3876f-ure---test-error-formatting-webkit\error-context.md

  6 failed
    [chromium] ΓÇ║ tests\saucedemo-checkout\test-error-verification.spec.ts:4:7 ΓÇ║ Error Verification Tests ΓÇ║ Intentional failure - verify GitHub issue creation 
    [chromium] ΓÇ║ tests\saucedemo-checkout\test-error-verification.spec.ts:14:7 ΓÇ║ Error Verification Tests ΓÇ║ Another intentional failure - test error formatting 
    [firefox] ΓÇ║ tests\saucedemo-checkout\test-error-verification.spec.ts:4:7 ΓÇ║ Error Verification Tests ΓÇ║ Intentional failure - verify GitHub issue creation 
    [firefox] ΓÇ║ tests\saucedemo-checkout\test-error-verification.spec.ts:14:7 ΓÇ║ Error Verification Tests ΓÇ║ Another intentional failure - test error formatting 
    [webkit] ΓÇ║ tests\saucedemo-checkout\test-error-verification.spec.ts:4:7 ΓÇ║ Error Verification Tests ΓÇ║ Intentional failure - verify GitHub issue creation 
    [webkit] ΓÇ║ tests\saucedemo-checkout\test-error-verification.spec.ts:14:7 ΓÇ║ Error Verification Tests ΓÇ║ Another intentional failure - test error formatting 
  105 passed (2.8m)
